cargo : error: could not find `Cargo.toml` in `K:
\GPT\GO TONGX - 鍓湰` or any parent directory
所在位置 行:1 字符: 1
+ cargo check > compile_errors.txt 2>&1
+ ~~~~~~~~~~~~~~~~~~~~~~~~~~~~~~~~~~~~~
    + CategoryInfo          : NotSpecified: (err 
   or: could no...arent directory:String) [], R  
  emoteException
    + FullyQualifiedErrorId : NativeCommandError
 
